// Jest Snapshot v1, https://goo.gl/fbAQLP

exports[`should render Expense List Item with Expense 1`] = `
<div>
  <Link
    replace={false}
    to="/edit/1"
  >
    <h3>
      Hello
    </h3>
  </Link>
  <p>
    Amount: â‚¹
    200
      | Time: 
    0
  </p>
</div>
`;
